// Jest Snapshot v1, https://goo.gl/fbAQLP

exports[`Convert converts the example workspace 1`] = `
"build
├── .gitignore
├── androidTest / com / test / designlibrary / ApplicationTest.java
├── build.gradle
├── designlibrary
│   ├── .gitignore
│   ├── build.gradle
│   ├── libs
│   └── src / main
│       ├── AndroidManifest.xml
│       ├── java / com / test / designlibrary / RowView.kt
│       └── res
│           ├── drawable / assets_check_circle.xml
│           ├── drawable-hdpi / assets_gradient_fill.webp
│           ├── drawable-mdpi / assets_gradient_fill.webp
│           ├── drawable-xhdpi / assets_gradient_fill.webp
│           ├── drawable-xxhdpi / assets_gradient_fill.webp
│           ├── drawable-xxxhdpi / assets_gradient_fill.webp
│           ├── layout / row.xml
│           └── values
│               ├── attrs.xml
│               ├── colors.xml
│               ├── elevations.xml
│               ├── strings.xml
│               └── text-styles.xml
├── gradle / wrapper
│   ├── gradle-wrapper.jar
│   └── gradle-wrapper.properties
├── gradle.properties
├── gradlew
├── gradlew.bat
├── local.properties
└── settings.gradle"
`;
