// Jest Snapshot v1, https://goo.gl/fbAQLP

exports[`Android / Library creates a library module 1`] = `
Object {
  "/main/java/com/lona/test/gallery/Gallery.kt": "package com.lona.test.gallery

import com.lona.test.R

object Gallery {

    /*
     * A list of all generated assets.
     */
    val ALL_ASSETS = listOf(
        GalleryItem(\\"test\\", R.drawable.test)
    )

    /**
     * An item representing a generated asset.
     */
    data class GalleryItem(val id: String, val resourceId: Int)
}
",
  "/main/res/drawable/test.xml": "",
}
`;
